// Vitest Snapshot v1

exports[`parse import system js > hello 1`] = `[]`;

exports[`parse import system js > svelte-legacy-part 1`] = `
[
  {
    "a": -1,
    "d": 113,
    "e": 144,
    "n": "./chunks/0-legacy-c5b945f8.js",
    "s": 115,
    "se": 147,
    "ss": 100,
  },
  {
    "a": -1,
    "d": 263,
    "e": 294,
    "n": "./chunks/1-legacy-b7de93b3.js",
    "s": 265,
    "se": 297,
    "ss": 250,
  },
  {
    "a": -1,
    "d": 420,
    "e": 451,
    "n": "./chunks/2-legacy-c3551ff3.js",
    "s": 422,
    "se": 454,
    "ss": 407,
  },
  {
    "a": -1,
    "d": 576,
    "e": 607,
    "n": "./chunks/3-legacy-9a5e7ba5.js",
    "s": 578,
    "se": 610,
    "ss": 563,
  },
  {
    "a": -1,
    "d": 733,
    "e": 763,
    "n": "/chunks/4-legacy-5f612355.js",
    "s": 735,
    "se": 766,
    "ss": 720,
  },
]
`;

exports[`parse import system js > vue-legacy-part 1`] = `
[
  {
    "a": -1,
    "d": 130,
    "e": 159,
    "n": "./module-legacy.de1a4764.js",
    "s": 132,
    "se": 161,
    "ss": 117,
  },
]
`;
